// Jest Snapshot v1, https://goo.gl/fbAQLP

exports[`Проверяет снепшот компонента Player 1`] = `
<div
  className="player"
>
  <video
    className="player__video"
    poster="img/revenant.jpg"
    src="https://archive.org/download/ElephantsDream/ed_1024_512kb.mp4"
  />
  <button
    className="player__exit"
    onClick={[Function]}
    type="button"
  >
    Exit
  </button>
  <div
    className="player__controls"
  >
    <div
      className="player__controls-row"
    >
      <div
        className="player__time"
      >
        <progress
          className="player__progress"
          max="100"
          value={0}
        />
        <div
          className="player__toggler"
          style={
            Object {
              "left": "0%",
            }
          }
        >
          Toggler
        </div>
      </div>
      <div
        className="player__time-value"
      >
        0:00:00
      </div>
    </div>
    <div
      className="player__controls-row"
    >
      <button
        className="player__play"
        onClick={[Function]}
        type="button"
      >
        <svg
          height="19"
          viewBox="0 0 19 19"
          width="19"
        >
          <use
            xlinkHref="#play-s"
          />
          <symbol
            id="play-s"
            viewBox="0 0 19 19"
          >
            <path
              clipRule="evenodd"
              d="M0 0L19 9.5L0 19V0Z"
              fill="#EEE5B5"
              fillRule="evenodd"
            />
          </symbol>
        </svg>
        <span>
          Play
        </span>
      </button>
      <div
        className="player__name"
      >
        Revenant
      </div>
      <button
        className="player__full-screen"
        type="button"
      >
        <svg
          height="27"
          viewBox="0 0 27 27"
          width="27"
        >
          <use
            xlinkHref="#full-screen"
          />
        </svg>
        <span>
          Full screen
        </span>
      </button>
    </div>
  </div>
</div>
`;
