// Jest Snapshot v1, https://goo.gl/fbAQLP

exports[`Проверяет снепшот хока withVideoPlayer 1`] = `
<div>
  <video
    height={175}
    width={280}
  />
</div>
`;
