// Jest Snapshot v1, https://goo.gl/fbAQLP

exports[`Проверяет снепшот компонента VideoPlayer 1`] = `
<video
  height={175}
  width={280}
/>
`;
