// Jest Snapshot v1, https://goo.gl/fbAQLP

exports[`Проверяет снепшот компонента VideoPlayer 1`] = `
<video
  poster="https://htmlacademy-react-3.appspot.com/wtw/static/film/poster/Revenant.jpg"
  src="https://archive.org/download/ElephantsDream/ed_1024_512kb.mp4"
/>
`;
