// Jest Snapshot v1, https://goo.gl/fbAQLP

exports[`Проверяет снепшот хока withPlayer 1`] = `
<div>
  <p>
    Component
  </p>
</div>
`;
