// Jest Snapshot v1, https://goo.gl/fbAQLP

exports[`Проверяет снепшот компонента FilmList 1`] = `
<div
  className="catalog__movies-list"
>
  <article
    className="small-movie-card catalog__movies-card"
    onMouseEnter={[Function]}
    onMouseLeave={[Function]}
  >
    <div
      className="preloader"
      style={
        Object {
          "left": "50%",
          "marginLeft": "-32px",
          "marginTop": "-32px",
          "position": "absolute",
          "top": "50%",
          "zIndex": "2",
        }
      }
    >
      <svg
        height="64px"
        viewBox="0 0 128 128"
        width="64px"
        xmlSpace="preserve"
      >
        <rect
          fill="#FFFFFF"
          height="100%"
          width="100%"
          x="0"
          y="0"
        />
        <g>
          <circle
            cx="16"
            cy="64"
            fill="#000000"
            fillOpacity="1"
            r="16"
          />
          <circle
            cx="16"
            cy="64"
            fill="#000000"
            fillOpacity="1"
            r="14.344"
            transform="rotate(45 64 64)"
          />
          <circle
            cx="16"
            cy="64"
            fill="#000000"
            fillOpacity="1"
            r="12.531"
            transform="rotate(90 64 64)"
          />
          <circle
            cx="16"
            cy="64"
            fill="#000000"
            fillOpacity="1"
            r="10.75"
            transform="rotate(135 64 64)"
          />
          <circle
            cx="16"
            cy="64"
            fill="#000000"
            fillOpacity="1"
            r="10.063"
            transform="rotate(180 64 64)"
          />
          <circle
            cx="16"
            cy="64"
            fill="#000000"
            fillOpacity="1"
            r="8.063"
            transform="rotate(225 64 64)"
          />
          <circle
            cx="16"
            cy="64"
            fill="#000000"
            fillOpacity="1"
            r="6.438"
            transform="rotate(270 64 64)"
          />
          <circle
            cx="16"
            cy="64"
            fill="#000000"
            fillOpacity="1"
            r="5.375"
            transform="rotate(315 64 64)"
          />
          <animateTransform
            attributeName="transform"
            calcMode="discrete"
            dur="720ms"
            repeatCount="indefinite"
            type="rotate"
            values="0 64 64;315 64 64;270 64 64;225 64 64;180 64 64;135 64 64;90 64 64;45 64 64"
          />
        </g>
      </svg>
    </div>
    <div
      className="small-movie-card__image"
    >
      <video
        height={175}
        poster="img/aviator.jpg"
        src="https://archive.org/download/ElephantsDream/ed_1024_512kb.mp4"
        width={280}
      />
    </div>
    <h3
      className="small-movie-card__title"
    >
      <a
        className="small-movie-card__link"
        href="/films/0"
        onClick={[Function]}
      >
        Aviator
      </a>
    </h3>
  </article>
  <article
    className="small-movie-card catalog__movies-card"
    onMouseEnter={[Function]}
    onMouseLeave={[Function]}
  >
    <div
      className="preloader"
      style={
        Object {
          "left": "50%",
          "marginLeft": "-32px",
          "marginTop": "-32px",
          "position": "absolute",
          "top": "50%",
          "zIndex": "2",
        }
      }
    >
      <svg
        height="64px"
        viewBox="0 0 128 128"
        width="64px"
        xmlSpace="preserve"
      >
        <rect
          fill="#FFFFFF"
          height="100%"
          width="100%"
          x="0"
          y="0"
        />
        <g>
          <circle
            cx="16"
            cy="64"
            fill="#000000"
            fillOpacity="1"
            r="16"
          />
          <circle
            cx="16"
            cy="64"
            fill="#000000"
            fillOpacity="1"
            r="14.344"
            transform="rotate(45 64 64)"
          />
          <circle
            cx="16"
            cy="64"
            fill="#000000"
            fillOpacity="1"
            r="12.531"
            transform="rotate(90 64 64)"
          />
          <circle
            cx="16"
            cy="64"
            fill="#000000"
            fillOpacity="1"
            r="10.75"
            transform="rotate(135 64 64)"
          />
          <circle
            cx="16"
            cy="64"
            fill="#000000"
            fillOpacity="1"
            r="10.063"
            transform="rotate(180 64 64)"
          />
          <circle
            cx="16"
            cy="64"
            fill="#000000"
            fillOpacity="1"
            r="8.063"
            transform="rotate(225 64 64)"
          />
          <circle
            cx="16"
            cy="64"
            fill="#000000"
            fillOpacity="1"
            r="6.438"
            transform="rotate(270 64 64)"
          />
          <circle
            cx="16"
            cy="64"
            fill="#000000"
            fillOpacity="1"
            r="5.375"
            transform="rotate(315 64 64)"
          />
          <animateTransform
            attributeName="transform"
            calcMode="discrete"
            dur="720ms"
            repeatCount="indefinite"
            type="rotate"
            values="0 64 64;315 64 64;270 64 64;225 64 64;180 64 64;135 64 64;90 64 64;45 64 64"
          />
        </g>
      </svg>
    </div>
    <div
      className="small-movie-card__image"
    >
      <video
        height={175}
        poster="img/macbeth.jpg"
        src="https://archive.org/download/ElephantsDream/ed_1024_512kb.mp4"
        width={280}
      />
    </div>
    <h3
      className="small-movie-card__title"
    >
      <a
        className="small-movie-card__link"
        href="/films/1"
        onClick={[Function]}
      >
        Macbeth
      </a>
    </h3>
  </article>
  <article
    className="small-movie-card catalog__movies-card"
    onMouseEnter={[Function]}
    onMouseLeave={[Function]}
  >
    <div
      className="preloader"
      style={
        Object {
          "left": "50%",
          "marginLeft": "-32px",
          "marginTop": "-32px",
          "position": "absolute",
          "top": "50%",
          "zIndex": "2",
        }
      }
    >
      <svg
        height="64px"
        viewBox="0 0 128 128"
        width="64px"
        xmlSpace="preserve"
      >
        <rect
          fill="#FFFFFF"
          height="100%"
          width="100%"
          x="0"
          y="0"
        />
        <g>
          <circle
            cx="16"
            cy="64"
            fill="#000000"
            fillOpacity="1"
            r="16"
          />
          <circle
            cx="16"
            cy="64"
            fill="#000000"
            fillOpacity="1"
            r="14.344"
            transform="rotate(45 64 64)"
          />
          <circle
            cx="16"
            cy="64"
            fill="#000000"
            fillOpacity="1"
            r="12.531"
            transform="rotate(90 64 64)"
          />
          <circle
            cx="16"
            cy="64"
            fill="#000000"
            fillOpacity="1"
            r="10.75"
            transform="rotate(135 64 64)"
          />
          <circle
            cx="16"
            cy="64"
            fill="#000000"
            fillOpacity="1"
            r="10.063"
            transform="rotate(180 64 64)"
          />
          <circle
            cx="16"
            cy="64"
            fill="#000000"
            fillOpacity="1"
            r="8.063"
            transform="rotate(225 64 64)"
          />
          <circle
            cx="16"
            cy="64"
            fill="#000000"
            fillOpacity="1"
            r="6.438"
            transform="rotate(270 64 64)"
          />
          <circle
            cx="16"
            cy="64"
            fill="#000000"
            fillOpacity="1"
            r="5.375"
            transform="rotate(315 64 64)"
          />
          <animateTransform
            attributeName="transform"
            calcMode="discrete"
            dur="720ms"
            repeatCount="indefinite"
            type="rotate"
            values="0 64 64;315 64 64;270 64 64;225 64 64;180 64 64;135 64 64;90 64 64;45 64 64"
          />
        </g>
      </svg>
    </div>
    <div
      className="small-movie-card__image"
    >
      <video
        height={175}
        poster="img/snatch.jpg"
        src="https://archive.org/download/ElephantsDream/ed_1024_512kb.mp4"
        width={280}
      />
    </div>
    <h3
      className="small-movie-card__title"
    >
      <a
        className="small-movie-card__link"
        href="/films/2"
        onClick={[Function]}
      >
        Snatch
      </a>
    </h3>
  </article>
</div>
`;
